Archive member included to satisfy reference by file (symbol)

/usr/lib/gcc/arm-none-eabi/4.8/../../../arm-none-eabi/lib/armv7-m/libc.a(lib_a-memcpy.o)
                              build/obj/memstreams.o (memcpy)
/usr/lib/gcc/arm-none-eabi/4.8/../../../arm-none-eabi/lib/armv7-m/libc.a(lib_a-memset.o)
                              build/obj/syscalls.o (memset)
/usr/lib/gcc/arm-none-eabi/4.8/../../../arm-none-eabi/lib/armv7-m/libc.a(lib_a-strcasecmp.o)
                              build/obj/shell.o (strcasecmp)
/usr/lib/gcc/arm-none-eabi/4.8/../../../arm-none-eabi/lib/armv7-m/libc.a(lib_a-strpbrk.o)
                              build/obj/shell.o (strpbrk)
/usr/lib/gcc/arm-none-eabi/4.8/../../../arm-none-eabi/lib/armv7-m/libc.a(lib_a-strspn.o)
                              build/obj/shell.o (strspn)
/usr/lib/gcc/arm-none-eabi/4.8/../../../arm-none-eabi/lib/armv7-m/libc.a(lib_a-ctype_.o)
                              /usr/lib/gcc/arm-none-eabi/4.8/../../../arm-none-eabi/lib/armv7-m/libc.a(lib_a-strcasecmp.o) (__ctype_ptr__)

Discarded input sections

 .text          0x00000000        0x0 build/obj/crt0.o
 .data          0x00000000        0x0 build/obj/crt0.o
 .bss           0x00000000        0x0 build/obj/crt0.o
 .text.__early_init
                0x00000000        0x4 build/obj/crt0.o
 .text          0x00000000        0x0 build/obj/vectors.o
 .data          0x00000000        0x0 build/obj/vectors.o
 .bss           0x00000000        0x0 build/obj/vectors.o
 .text          0x00000000        0x0 build/obj/chcore.o
 .data          0x00000000        0x0 build/obj/chcore.o
 .bss           0x00000000        0x0 build/obj/chcore.o
 .text.port_halt
                0x00000000        0x4 build/obj/chcore.o
 .debug_info    0x00000000       0x92 build/obj/chcore.o
 .debug_abbrev  0x00000000       0x42 build/obj/chcore.o
 .debug_aranges
                0x00000000       0x20 build/obj/chcore.o
 .debug_ranges  0x00000000       0x10 build/obj/chcore.o
 .debug_line    0x00000000       0x53 build/obj/chcore.o
 .debug_str     0x00000000      0x18b build/obj/chcore.o
 .comment       0x00000000       0x21 build/obj/chcore.o
 .ARM.attributes
                0x00000000       0x33 build/obj/chcore.o
 .debug_frame   0x00000000       0x20 build/obj/chcore.o
 .text          0x00000000        0x0 build/obj/chcore_v7m.o
 .data          0x00000000        0x0 build/obj/chcore_v7m.o
 .bss           0x00000000        0x0 build/obj/chcore_v7m.o
 .text          0x00000000        0x0 build/obj/nvic.o
 .data          0x00000000        0x0 build/obj/nvic.o
 .bss           0x00000000        0x0 build/obj/nvic.o
 .text.nvicDisableVector
                0x00000000       0x44 build/obj/nvic.o
 .text          0x00000000        0x0 build/obj/chsys.o
 .data          0x00000000        0x0 build/obj/chsys.o
 .bss           0x00000000        0x0 build/obj/chsys.o
 .text          0x00000000        0x0 build/obj/chdebug.o
 .data          0x00000000        0x0 build/obj/chdebug.o
 .bss           0x00000000        0x0 build/obj/chdebug.o
 .debug_info    0x00000000       0x79 build/obj/chdebug.o
 .debug_abbrev  0x00000000       0x26 build/obj/chdebug.o
 .debug_aranges
                0x00000000       0x18 build/obj/chdebug.o
 .debug_line    0x00000000       0x1d build/obj/chdebug.o
 .debug_str     0x00000000      0x17c build/obj/chdebug.o
 .comment       0x00000000       0x21 build/obj/chdebug.o
 .ARM.attributes
                0x00000000       0x33 build/obj/chdebug.o
 .text          0x00000000        0x0 build/obj/chlists.o
 .data          0x00000000        0x0 build/obj/chlists.o
 .bss           0x00000000        0x0 build/obj/chlists.o
 .debug_info    0x00000000       0x79 build/obj/chlists.o
 .debug_abbrev  0x00000000       0x26 build/obj/chlists.o
 .debug_aranges
                0x00000000       0x18 build/obj/chlists.o
 .debug_line    0x00000000       0x1d build/obj/chlists.o
 .debug_str     0x00000000      0x17c build/obj/chlists.o
 .comment       0x00000000       0x21 build/obj/chlists.o
 .ARM.attributes
                0x00000000       0x33 build/obj/chlists.o
 .text          0x00000000        0x0 build/obj/chvt.o
 .data          0x00000000        0x0 build/obj/chvt.o
 .bss           0x00000000        0x0 build/obj/chvt.o
 .text          0x00000000        0x0 build/obj/chschd.o
 .data          0x00000000        0x0 build/obj/chschd.o
 .bss           0x00000000        0x0 build/obj/chschd.o
 .text.chSchRescheduleS
                0x00000000       0x18 build/obj/chschd.o
 .text          0x00000000        0x0 build/obj/chthreads.o
 .data          0x00000000        0x0 build/obj/chthreads.o
 .bss           0x00000000        0x0 build/obj/chthreads.o
 .text.chThdSetPriority
                0x00000000       0x30 build/obj/chthreads.o
 .text.chThdResume
                0x00000000       0x1c build/obj/chthreads.o
 .text.chThdTerminate
                0x00000000       0x18 build/obj/chthreads.o
 .text.chThdSleepUntil
[...]
Memory Configuration

Name             Origin             Length             Attributes
flash            0x08000000         0x00004000
ram              0x20000000         0x00001000
*default*        0x00000000         0xffffffff

Linker script and memory map

LOAD build/obj/crt0.o
LOAD build/obj/vectors.o
LOAD build/obj/chcore.o
LOAD build/obj/chcore_v7m.o
LOAD build/obj/nvic.o
LOAD build/obj/chsys.o
LOAD build/obj/chdebug.o
LOAD build/obj/chlists.o
LOAD build/obj/chvt.o
LOAD build/obj/chschd.o
LOAD build/obj/chthreads.o
LOAD build/obj/chdynamic.o
LOAD build/obj/chregistry.o
LOAD build/obj/chsem.o
LOAD build/obj/chmtx.o
LOAD build/obj/chcond.o
LOAD build/obj/chevents.o
LOAD build/obj/chmsg.o
LOAD build/obj/chmboxes.o
LOAD build/obj/chqueues.o
LOAD build/obj/chmemcore.o
LOAD build/obj/chheap.o
LOAD build/obj/chmempools.o
LOAD build/obj/hal.o
LOAD build/obj/adc.o
LOAD build/obj/can.o
LOAD build/obj/ext.o
LOAD build/obj/gpt.o
LOAD build/obj/i2c.o
LOAD build/obj/icu.o
LOAD build/obj/mac.o
LOAD build/obj/mmc_spi.o
LOAD build/obj/mmcsd.o
LOAD build/obj/pal.o
LOAD build/obj/pwm.o
LOAD build/obj/rtc.o
LOAD build/obj/sdc.o
LOAD build/obj/serial.o
LOAD build/obj/serial_usb.o
LOAD build/obj/spi.o
LOAD build/obj/tm.o
LOAD build/obj/uart.o
LOAD build/obj/usb.o
LOAD build/obj/stm32_dma.o
LOAD build/obj/hal_lld.o
LOAD build/obj/adc_lld.o
LOAD build/obj/ext_lld_isr.o
LOAD build/obj/can_lld.o
LOAD build/obj/ext_lld.o
LOAD build/obj/mac_lld.o
LOAD build/obj/sdc_lld.o
LOAD build/obj/pal_lld.o
LOAD build/obj/i2c_lld.o
LOAD build/obj/rtc_lld.o
LOAD build/obj/spi_lld.o
LOAD build/obj/gpt_lld.o
LOAD build/obj/icu_lld.o
LOAD build/obj/pwm_lld.o
LOAD build/obj/serial_lld.o
LOAD build/obj/uart_lld.o
LOAD build/obj/usb_lld.o
LOAD build/obj/board.o
LOAD build/obj/evtimer.o
LOAD build/obj/syscalls.o
LOAD build/obj/chprintf.o
LOAD build/obj/memstreams.o
LOAD build/obj/shell.o
LOAD build/obj/main.o
START GROUP
LOAD /usr/lib/gcc/arm-none-eabi/4.8/armv7-m/libgcc.a
LOAD /usr/lib/gcc/arm-none-eabi/4.8/../../../arm-none-eabi/lib/armv7-m/libc.a
END GROUP
                0x00000200                __main_stack_size__ = 0x200
                0x00000200                __process_stack_size__ = 0x200
                0x20000000                __ram_start__ = ORIGIN (ram)
                0x00001000                __ram_size__ = 0x1000
                0x20001000                __ram_end__ = (__ram_start__ + __ram_size__)
                0x00000000                . = 0x0
                0x00000000                _text = .

startup         0x08000000       0xec
 *(vectors)
 vectors        0x08000000       0xec build/obj/vectors.o
                0x08000000                _vectors

constructors    0x080000ec        0x0
                0x080000ec                PROVIDE (__init_array_start, .)
 *(SORT(.init_array.*))
 *(.init_array)
                0x080000ec                PROVIDE (__init_array_end, .)

destructors     0x080000ec        0x0
                0x080000ec                PROVIDE (__fini_array_start, .)
 *(.fini_array)
 *(SORT(.fini_array.*))
                0x080000ec                PROVIDE (__fini_array_end, .)

.text           0x080000f0     0x2124
 *(.text.startup.*)
 .text.startup.main
                0x080000f0       0x90 build/obj/main.o
                0x080000f0                main
 *(.text)
 *(.text.*)
 .text.__late_init
                0x08000180        0x4 build/obj/crt0.o
                0x08000180                __late_init
 *fill*         0x08000184        0xc 
 .text._default_exit
                0x08000190        0x4 build/obj/crt0.o
                0x08000190                _default_exit
 *fill*         0x08000194        0xc 
 .text.ResetHandler
                0x080001a0       0xfc build/obj/crt0.o
                0x080001a0                ResetHandler
 *fill*         0x0800029c        0x4 
 .text._unhandled_exception
                0x080002a0        0x4 build/obj/vectors.o
                0x080002a0                Vector58
                0x080002a0                VectorE8
                0x080002a0                Vector9C
                0x080002a0                VectorAC
                0x080002a0                Vector5C
                0x080002a0                NMIVector
                0x080002a0                Vector8C
                0x080002a0                VectorDC
                0x080002a0                VectorC8
                0x080002a0                Vector94
                0x080002a0                VectorA8
                0x080002a0                VectorB4
                0x080002a0                Vector74
                0x080002a0                UsageFaultVector
                0x080002a0                DebugMonitorVector
                0x080002a0                Vector40
                0x080002a0                VectorBC
                0x080002a0                PendSVVector
                0x080002a0                Vector64
                0x080002a0                VectorCC
                0x080002a0                Vector54
                0x080002a0                Vector98
                0x080002a0                VectorD8
                0x080002a0                Vector24
                0x080002a0                Vector84
                0x080002a0                BusFaultVector
                0x080002a0                VectorD0
                0x080002a0                VectorE4
                0x080002a0                VectorC0
                0x080002a0                HardFaultVector
                0x080002a0                VectorE0
                0x080002a0                MemManageVector
                0x080002a0                Vector6C
                0x080002a0                VectorA0
                0x080002a0                VectorC4
                0x080002a0                Vector7C
                0x080002a0                VectorB0
                0x080002a0                Vector90
                0x080002a0                Vector60
                0x080002a0                Vector1C
                0x080002a0                Vector48
                0x080002a0                Vector70
                0x080002a0                Vector4C
                0x080002a0                Vector80
                0x080002a0                Vector68
                0x080002a0                Vector78
                0x080002a0                _unhandled_exception
                0x080002a0                Vector88
                0x080002a0                Vector50
                0x080002a0                Vector44
                0x080002a0                Vector28
                0x080002a0                VectorB8
                0x080002a0                Vector34
                0x080002a0                VectorA4
                0x080002a0                Vector20
 *fill*         0x080002a4        0xc 
 .text._port_switch_from_isr
                0x080002b0        0x8 build/obj/chcore_v7m.o
                0x080002b0                _port_switch_from_isr
 *fill*         0x080002b8        0x8 
 .text.SVCallVector
                0x080002c0       0x14 build/obj/chcore_v7m.o
                0x080002c0                SVCallVector
 *fill*         0x080002d4        0xc 
 .text._port_init
                0x080002e0       0x30 build/obj/chcore_v7m.o
                0x080002e0                _port_init
 .text._port_irq_epilogue
                0x08000310       0x70 build/obj/chcore_v7m.o
                0x08000310                _port_irq_epilogue
 .text.SysTickVector
                0x08000380       0x1c build/obj/chcore_v7m.o
                0x08000380                SysTickVector
 *fill*         0x0800039c        0x4 
 .text._port_switch
                0x080003a0       0x10 build/obj/chcore_v7m.o
                0x080003a0                _port_switch
 .text._port_thread_start
                0x080003b0       0x10 build/obj/chcore_v7m.o
                0x080003b0                _port_thread_start
 .text.nvicEnableVector
                0x080003c0       0x48 build/obj/nvic.o
                0x080003c0                nvicEnableVector
 *fill*         0x08000408        0x8 
 .text.nvicSetSystemHandlerPriority
                0x08000410       0x24 build/obj/nvic.o
                0x08000410                nvicSetSystemHandlerPriority
 *fill*         0x08000434        0xc 
 .text._idle_thread
                0x08000440       0x14 build/obj/chsys.o
                0x08000440                _idle_thread
 *fill*         0x08000454        0xc 
 .text.chSysInit
                0x08000460       0x5c build/obj/chsys.o
                0x08000460                chSysInit
 *fill*         0x080004bc        0x4 
 .text.chSysTimerHandlerI
                0x080004c0       0x58 build/obj/chsys.o
                0x080004c0                chSysTimerHandlerI
 *fill*         0x08000518        0x8 
 .text._vt_init
                0x08000520       0x18 build/obj/chvt.o
                0x08000520                _vt_init
 *fill*         0x08000538        0x8 
 .text.chVTSetI
                0x08000540       0x38 build/obj/chvt.o
                0x08000540                chVTSetI
 *fill*         0x08000578        0x8 
 .text.chVTResetI
                0x08000580       0x24 build/obj/chvt.o
                0x08000580                chVTResetI
 *fill*         0x080005a4        0xc 
 .text.wakeup   0x080005b0       0x70 build/obj/chschd.o
 .text._scheduler_init
                0x08000620       0x14 build/obj/chschd.o
                0x08000620                _scheduler_init
 *fill*         0x08000634        0xc 
 .text.chSchReadyI
                0x08000640       0x2c build/obj/chschd.o
                0x08000640                chSchReadyI
 *fill*         0x0800066c        0x4 
 .text.chSchGoSleepS
                0x08000670       0x28 build/obj/chschd.o
                0x08000670                chSchGoSleepS
 *fill*         0x08000698        0x8 
 .text.chSchGoSleepTimeoutS
                0x080006a0       0x44 build/obj/chschd.o
                0x080006a0                chSchGoSleepTimeoutS
 *fill*         0x080006e4        0xc 
 .text.chSchWakeupS
                0x080006f0       0x60 build/obj/chschd.o
                0x080006f0                chSchWakeupS
 .text.chSchDoRescheduleBehind
                0x08000750       0x40 build/obj/chschd.o
                0x08000750                chSchDoRescheduleBehind
 .text.chSchDoRescheduleAhead
                0x08000790       0x3c build/obj/chschd.o
                0x08000790                chSchDoRescheduleAhead
 *fill*         0x080007cc        0x4 
 .text.chSchDoReschedule
                0x080007d0       0x14 build/obj/chschd.o
                0x080007d0                chSchDoReschedule
 *fill*         0x080007e4        0xc 
 .text._thread_init
                0x080007f0       0x50 build/obj/chthreads.o
                0x080007f0                _thread_init
 .text.chThdCreateI
                0x08000840       0x74 build/obj/chthreads.o
                0x08000840                chThdCreateI
 *fill*         0x080008b4        0xc 
 .text.chThdCreateStatic
                0x080008c0       0x88 build/obj/chthreads.o
                0x080008c0                chThdCreateStatic
 *fill*         0x08000948        0x8 
 .text.chThdSleep
                0x08000950       0x18 build/obj/chthreads.o
                0x08000950                chThdSleep
 *fill*         0x08000968        0x8 
 .text.chThdExitS
                0x08000970       0x40 build/obj/chthreads.o
                0x08000970                chThdExitS
 .text.chThdExit
                0x080009b0        0xc build/obj/chthreads.o
                0x080009b0                chThdExit
 *fill*         0x080009bc        0x4 
 .text.chThdRelease
                0x080009c0       0x50 build/obj/chdynamic.o
                0x080009c0                chThdRelease
 .text.chThdCreateFromHeap
                0x08000a10       0x3c build/obj/chdynamic.o
                0x08000a10                chThdCreateFromHeap
 *fill*         0x08000a4c        0x4 
 .text.chMtxInit
                0x08000a50        0xc build/obj/chmtx.o
                0x08000a50                chMtxInit
 *fill*         0x08000a5c        0x4 
 .text.chMtxLockS
                0x08000a60       0xc8 build/obj/chmtx.o
                0x08000a60                chMtxLockS
 *fill*         0x08000b28        0x8 
 .text.chMtxLock
                0x08000b30       0x14 build/obj/chmtx.o
                0x08000b30                chMtxLock
 *fill*         0x08000b44        0xc 
 .text.chMtxUnlock
                0x08000b50       0x64 build/obj/chmtx.o
                0x08000b50                chMtxUnlock
 *fill*         0x08000bb4        0xc 
 .text.chEvtSignalI
                0x08000bc0       0x30 build/obj/chevents.o
                0x08000bc0                chEvtSignalI
 .text.chEvtBroadcastFlagsI
                0x08000bf0       0x24 build/obj/chevents.o
                0x08000bf0                chEvtBroadcastFlagsI
 *fill*         0x08000c14        0xc 
 .text.qwait    0x08000c20       0x30 build/obj/chqueues.o
 .text.chIQInit
                0x08000c50       0x20 build/obj/chqueues.o
                0x08000c50                chIQInit
 .text.chIQPutI
                0x08000c70       0x50 build/obj/chqueues.o
                0x08000c70                chIQPutI
 .text.chIQGetTimeout
                0x08000cc0       0x50 build/obj/chqueues.o
                0x08000cc0                chIQGetTimeout
 .text.chIQReadTimeout
                0x08000d10       0x78 build/obj/chqueues.o
                0x08000d10                chIQReadTimeout
 *fill*         0x08000d88        0x8 
 .text.chOQInit
                0x08000d90       0x1c build/obj/chqueues.o
                0x08000d90                chOQInit
 *fill*         0x08000dac        0x4 
 .text.chOQPutTimeout
                0x08000db0       0x54 build/obj/chqueues.o
                0x08000db0                chOQPutTimeout
 *fill*         0x08000e04        0xc 
 .text.chOQGetI
                0x08000e10       0x48 build/obj/chqueues.o
                0x08000e10                chOQGetI
 *fill*         0x08000e58        0x8 
 .text.chOQWriteTimeout
                0x08000e60       0x78 build/obj/chqueues.o
                0x08000e60                chOQWriteTimeout
 *fill*         0x08000ed8        0x8 
 .text._core_init
                0x08000ee0       0x28 build/obj/chmemcore.o
                0x08000ee0                _core_init
 *fill*         0x08000f08        0x8 
 .text.chCoreAlloc
                0x08000f10       0x34 build/obj/chmemcore.o
                0x08000f10                chCoreAlloc
 *fill*         0x08000f44        0xc 
 .text._heap_init
                0x08000f50       0x1c build/obj/chheap.o
                0x08000f50                _heap_init
 *fill*         0x08000f6c        0x4 
 .text.chHeapAlloc
                0x08000f70       0x80 build/obj/chheap.o
                0x08000f70                chHeapAlloc
 .text.chHeapFree
                0x08000ff0       0x94 build/obj/chheap.o
                0x08000ff0                chHeapFree
 *fill*         0x08001084        0xc 
 .text.chPoolFree
                0x08001090       0x14 build/obj/chmempools.o
                0x08001090                chPoolFree
 *fill*         0x080010a4        0xc 
 .text.halInit  0x080010b0       0x20 build/obj/hal.o
                0x080010b0                halInit
 .text.readt    0x080010d0        0x8 build/obj/serial.o
 *fill*         0x080010d8        0x8 
 .text.read     0x080010e0        0xc build/obj/serial.o
 *fill*         0x080010ec        0x4 
 .text.writet   0x080010f0        0x8 build/obj/serial.o
 *fill*         0x080010f8        0x8 
 .text.write    0x08001100        0xc build/obj/serial.o
 *fill*         0x0800110c        0x4 
 .text.gett     0x08001110        0x8 build/obj/serial.o
 *fill*         0x08001118        0x8 
 .text.get      0x08001120        0xc build/obj/serial.o
 *fill*         0x0800112c        0x4 
 .text.putt     0x08001130        0x8 build/obj/serial.o
 *fill*         0x08001138        0x8 
 .text.put      0x08001140        0xc build/obj/serial.o
 *fill*         0x0800114c        0x4 
 .text.sdInit   0x08001150        0x4 build/obj/serial.o
                0x08001150                sdInit
 *fill*         0x08001154        0xc 
 .text.sdObjectInit
                0x08001160       0x40 build/obj/serial.o
                0x08001160                sdObjectInit
 .text.sdStart  0x080011a0       0x1c build/obj/serial.o
                0x080011a0                sdStart
 *fill*         0x080011bc        0x4 
 .text.sdIncomingDataI
                0x080011c0       0x3c build/obj/serial.o
                0x080011c0                sdIncomingDataI
 *fill*         0x080011fc        0x4 
 .text.tm_start
                0x08001200        0xc build/obj/tm.o
 *fill*         0x0800120c        0x4 
 .text.tm_stop  0x08001210       0x2c build/obj/tm.o
 *fill*         0x0800123c        0x4 
 .text.tmInit   0x08001240       0x40 build/obj/tm.o
                0x08001240                tmInit
 .text.hal_lld_init
                0x08001280       0x6c build/obj/hal_lld.o
                0x08001280                hal_lld_init
 *fill*         0x080012ec        0x4 
 .text.stm32_clock_init
                0x080012f0       0x84 build/obj/hal_lld.o
                0x080012f0                stm32_clock_init
 *fill*         0x08001374        0xc 
 .text._pal_lld_init
                0x08001380       0x5c build/obj/pal_lld.o
                0x08001380                _pal_lld_init
 *fill*         0x080013dc        0x4 
 .text._pal_lld_setgroupmode
                0x080013e0       0x68 build/obj/pal_lld.o
                0x080013e0                _pal_lld_setgroupmode
 *fill*         0x08001448        0x8 
 .text.notify1  0x08001450       0x14 build/obj/serial_lld.o
 *fill*         0x08001464        0xc 
 .text.VectorD4
                0x08001470       0xf8 build/obj/serial_lld.o
                0x08001470                VectorD4
 *fill*         0x08001568        0x8 
 .text.sd_lld_init
                0x08001570       0x24 build/obj/serial_lld.o
                0x08001570                sd_lld_init
 *fill*         0x08001594        0xc 
 .text.sd_lld_start
                0x080015a0       0x78 build/obj/serial_lld.o
                0x080015a0                sd_lld_start
 *fill*         0x08001618        0x8 
 .text.__early_init
                0x08001620        0x4 build/obj/board.o
                0x08001620                __early_init
 *fill*         0x08001624        0xc 
 .text.boardInit
                0x08001630       0x10 build/obj/board.o
                0x08001630                boardInit
 .text.long_to_string_with_divisor.constprop.0
                0x08001640       0x4c build/obj/chprintf.o
 *fill*         0x0800168c        0x4 
 .text.chvprintf
                0x08001690      0x240 build/obj/chprintf.o
                0x08001690                chvprintf
 .text.chprintf
                0x080018d0       0x20 build/obj/shell.o
 .text.cmd_systime
                0x080018f0       0x28 build/obj/shell.o
 *fill*         0x08001918        0x8 
 .text.cmd_info
                0x08001920       0xc0 build/obj/shell.o
 .text._strtok.constprop.2
                0x080019e0       0x40 build/obj/shell.o
 .text.shellInit
                0x08001a20        0xc build/obj/shell.o
                0x08001a20                shellInit
 *fill*         0x08001a2c        0x4 
 .text.shellExit
                0x08001a30       0x20 build/obj/shell.o
                0x08001a30                shellExit
 .text.shellCreate
                0x08001a50       0x18 build/obj/shell.o
                0x08001a50                shellCreate
 *fill*         0x08001a68        0x8 
 .text.shellGetLine
                0x08001a70       0x9c build/obj/shell.o
                0x08001a70                shellGetLine
 *fill*         0x08001b0c        0x4 
 .text.shell_thread
                0x08001b10      0x198 build/obj/shell.o
 *fill*         0x08001ca8        0x8 
 .text.Thread1  0x08001cb0       0x34 build/obj/main.o
 *fill*         0x08001ce4        0xc 
 .text.chprintf
                0x08001cf0       0x20 build/obj/main.o
 .text.cmd_test
                0x08001d10       0x18 build/obj/main.o
 *fill*         0x08001d28        0x8 
 .text.strcasecmp
                0x08001d30       0x48 /usr/lib/gcc/arm-none-eabi/4.8/../../../arm-none-eabi/lib/armv7-m/libc.a(lib_a-strcasecmp.o)
                0x08001d30                strcasecmp
 *fill*         0x08001d78        0x8 
 .text.strpbrk  0x08001d80       0x50 /usr/lib/gcc/arm-none-eabi/4.8/../../../arm-none-eabi/lib/armv7-m/libc.a(lib_a-strpbrk.o)
                0x08001d80                strpbrk
 .text.strspn   0x08001dd0       0x40 /usr/lib/gcc/arm-none-eabi/4.8/../../../arm-none-eabi/lib/armv7-m/libc.a(lib_a-strspn.o)
                0x08001dd0                strspn
 *(.rodata)
 *(.rodata.*)
 .rodata.str1.4
                0x08001e10        0x5 build/obj/chsys.o
                                  0x8 (size before relaxing)
 *fill*         0x08001e15        0xb 
 .rodata.ch_debug
                0x08001e20       0x18 build/obj/chregistry.o
                0x08001e20                ch_debug
 *fill*         0x08001e38        0x8 
 .rodata.vmt    0x08001e40       0x20 build/obj/serial.o
 .rodata.cfgtab.6057
                0x08001e60       0x14 build/obj/pal_lld.o
 *fill*         0x08001e74        0xc 
 .rodata.default_config
                0x08001e80        0xc build/obj/serial_lld.o
 *fill*         0x08001e8c        0x4 
 .rodata.pal_default_config
                0x08001e90       0x30 build/obj/board.o
                0x08001e90                pal_default_config
 .rodata.str1.4
                0x08001ec0        0x7 build/obj/chprintf.o
                                  0x8 (size before relaxing)
 *fill*         0x08001ec7        0x9 
 .rodata.str1.4
                0x08001ed0      0x1e9 build/obj/shell.o
                                0x1f0 (size before relaxing)
 *fill*         0x080020b9        0x7 
 .rodata.commands
                0x080020c0       0x10 build/obj/main.o
 .rodata.str1.4
                0x080020d0       0x2c build/obj/main.o
 *fill*         0x080020fc        0x4 
 .rodata.shell_cfg1
                0x08002100        0x8 build/obj/main.o
 *fill*         0x08002108        0x8 
 .rodata._ctype_
                0x08002110      0x104 /usr/lib/gcc/arm-none-eabi/4.8/../../../arm-none-eabi/lib/armv7-m/libc.a(lib_a-ctype_.o)
                0x08002110                _ctype_
 *(.glue_7t)
 .glue_7t       0x08002214        0x0 linker stubs
 *(.glue_7)
 .glue_7        0x08002214        0x0 linker stubs
 *(.gcc*)

.vfp11_veneer   0x08002214        0x0
 .vfp11_veneer  0x08002214        0x0 linker stubs

.v4_bx          0x08002214        0x0
 .v4_bx         0x08002214        0x0 linker stubs

.iplt           0x08002214        0x0
 .iplt          0x08002214        0x0 build/obj/crt0.o

.rel.dyn        0x08002214        0x0
 .rel.iplt      0x08002214        0x0 build/obj/crt0.o

MyFlash
 *(MyFlash)

.ARM.extab
 *(.ARM.extab* .gnu.linkonce.armextab.*)

.ARM.exidx      0x08002214        0x0
                0x08002214                PROVIDE (__exidx_start, .)
 *(.ARM.exidx* .gnu.linkonce.armexidx.*)
                0x08002214                PROVIDE (__exidx_end, .)

.eh_frame_hdr
 *(.eh_frame_hdr)

.eh_frame
 *(.eh_frame)

.textalign      0x08002214        0x4
                0x08002218                . = ALIGN (0x8)
 *fill*         0x08002214        0x4 
                0x08002218                . = ALIGN (0x4)
                0x08002218                _etext = .
                0x08002218                _textdata = _etext

.stacks         0x20000000      0x400
                0x20000000                . = ALIGN (0x8)
                0x20000000                __main_stack_base__ = .
                0x20000200                . = (. + __main_stack_size__)
 *fill*         0x20000000      0x200 
                0x20000200                . = ALIGN (0x8)
                0x20000200                __main_stack_end__ = .
                0x20000200                __process_stack_base__ = .
                0x20000200                __main_thread_stack_base__ = .
                0x20000400                . = (. + __process_stack_size__)
 *fill*         0x20000200      0x200 
                0x20000400                . = ALIGN (0x8)
                0x20000400                __process_stack_end__ = .
                0x20000400                __main_thread_stack_end__ = .

.data           0x20000400       0x1c load address 0x08002218
                0x20000400                . = ALIGN (0x4)
                0x20000400                PROVIDE (_data, .)
 *(.data)
                0x20000400                . = ALIGN (0x4)
 *(.data.*)
 .data.local_commands
                0x20000400       0x18 build/obj/shell.o
 .data.__ctype_ptr__
                0x20000418        0x4 /usr/lib/gcc/arm-none-eabi/4.8/../../../arm-none-eabi/lib/armv7-m/libc.a(lib_a-ctype_.o)
                0x20000418                __ctype_ptr__
                0x2000041c                . = ALIGN (0x4)
 *(.ramtext)
                0x2000041c                . = ALIGN (0x4)
                0x2000041c                PROVIDE (_edata, .)

.igot.plt       0x2000041c        0x0 load address 0x08002234
 .igot.plt      0x2000041c        0x0 build/obj/crt0.o

.bss            0x20000420      0x330 load address 0x08002234
                0x20000420                . = ALIGN (0x4)
                0x20000420                PROVIDE (_bss_start, .)
 *(.bss)
                0x20000420                . = ALIGN (0x4)
 *(.bss.*)
 .bss.mainthread.4797
                0x20000420       0x48 build/obj/chsys.o
 .bss._idle_thread_wa
                0x20000468       0xc0 build/obj/chsys.o
                0x20000468                _idle_thread_wa
 .bss.vtlist    0x20000528       0x10 build/obj/chvt.o
                0x20000528                vtlist
 .bss.rlist     0x20000538       0x1c build/obj/chschd.o
                0x20000538                rlist
 .bss.endmem    0x20000554        0x4 build/obj/chmemcore.o
 .bss.nextmem   0x20000558        0x4 build/obj/chmemcore.o
 *fill*         0x2000055c        0x4 
 .bss.default_heap
                0x20000560       0x20 build/obj/chheap.o
 .bss.measurement_offset
                0x20000580        0x4 build/obj/tm.o
 .bss.SD1       0x20000584       0xd8 build/obj/serial_lld.o
                0x20000584                SD1
 .bss.shell_terminated
                0x2000065c        0x4 build/obj/shell.o
                0x2000065c                shell_terminated
 .bss.waThread1
                0x20000660       0xf0 build/obj/main.o
                0x20000750                . = ALIGN (0x4)
 *(COMMON)
                0x20000750                . = ALIGN (0x4)
                0x20000750                PROVIDE (_bss_end, .)
                0x20000750                PROVIDE (end, .)
                0x20000750                _end = .
                0x20000750                __heap_base__ = _end
                0x20001000                __heap_end__ = __ram_end__
OUTPUT(build/jomblo.elf elf32-littlearm)

.debug_info     0x00000000     0xc7ea
 .debug_info    0x00000000      0x2af build/obj/crt0.o
 .debug_info    0x000002af      0x1cc build/obj/vectors.o
 .debug_info    0x0000047b      0x7f4 build/obj/chcore_v7m.o
 .debug_info    0x00000c6f      0x406 build/obj/nvic.o
 .debug_info    0x00001075      0x827 build/obj/chsys.o
 .debug_info    0x0000189c      0x203 build/obj/chvt.o
 .debug_info    0x00001a9f      0x974 build/obj/chschd.o
 .debug_info    0x00002413      0xbea build/obj/chthreads.o
 .debug_info    0x00002ffd      0x88c build/obj/chdynamic.o
 .debug_info    0x00003889      0x625 build/obj/chregistry.o
 .debug_info    0x00003eae      0x9d0 build/obj/chmtx.o
 .debug_info    0x0000487e      0xd89 build/obj/chevents.o
 .debug_info    0x00005607      0xbc3 build/obj/chqueues.o
 .debug_info    0x000061ca      0x221 build/obj/chmemcore.o
 .debug_info    0x000063eb      0x6fa build/obj/chheap.o
 .debug_info    0x00006ae5      0x408 build/obj/chmempools.o
 .debug_info    0x00006eed      0x330 build/obj/hal.o
 .debug_info    0x0000721d      0xfc0 build/obj/serial.o
 .debug_info    0x000081dd      0x2d8 build/obj/tm.o
 .debug_info    0x000084b5      0x39b build/obj/hal_lld.o
 .debug_info    0x00008850      0x389 build/obj/pal_lld.o
 .debug_info    0x00008bd9      0xe14 build/obj/serial_lld.o
 .debug_info    0x000099ed      0x1f8 build/obj/board.o
 .debug_info    0x00009be5      0x61d build/obj/chprintf.o
 .debug_info    0x0000a202     0x1415 build/obj/shell.o
 .debug_info    0x0000b617      0xe65 build/obj/main.o
 .debug_info    0x0000c47c      0x15d /usr/lib/gcc/arm-none-eabi/4.8/../../../arm-none-eabi/lib/armv7-m/libc.a(lib_a-strcasecmp.o)
 .debug_info    0x0000c5d9       0xc8 /usr/lib/gcc/arm-none-eabi/4.8/../../../arm-none-eabi/lib/armv7-m/libc.a(lib_a-strpbrk.o)
 .debug_info    0x0000c6a1       0xda /usr/lib/gcc/arm-none-eabi/4.8/../../../arm-none-eabi/lib/armv7-m/libc.a(lib_a-strspn.o)
 .debug_info    0x0000c77b       0x6f /usr/lib/gcc/arm-none-eabi/4.8/../../../arm-none-eabi/lib/armv7-m/libc.a(lib_a-ctype_.o)

.debug_abbrev   0x00000000     0x37a0
 .debug_abbrev  0x00000000       0xfd build/obj/crt0.o
 .debug_abbrev  0x000000fd       0xaf build/obj/vectors.o
 .debug_abbrev  0x000001ac      0x1e2 build/obj/chcore_v7m.o
 .debug_abbrev  0x0000038e      0x10e build/obj/nvic.o
 .debug_abbrev  0x0000049c      0x20e build/obj/chsys.o
 .debug_abbrev  0x000006aa      0x117 build/obj/chvt.o
 .debug_abbrev  0x000007c1      0x313 build/obj/chschd.o
 .debug_abbrev  0x00000ad4      0x335 build/obj/chthreads.o
 .debug_abbrev  0x00000e09      0x232 build/obj/chdynamic.o
 .debug_abbrev  0x0000103b      0x185 build/obj/chregistry.o
 .debug_abbrev  0x000011c0      0x2fa build/obj/chmtx.o
 .debug_abbrev  0x000014ba      0x2ef build/obj/chevents.o
 .debug_abbrev  0x000017a9      0x31d build/obj/chqueues.o
 .debug_abbrev  0x00001ac6      0x164 build/obj/chmemcore.o
 .debug_abbrev  0x00001c2a      0x1e7 build/obj/chheap.o
 .debug_abbrev  0x00001e11      0x1f7 build/obj/chmempools.o
 .debug_abbrev  0x00002008      0x1c8 build/obj/hal.o
 .debug_abbrev  0x000021d0      0x2b9 build/obj/serial.o
 .debug_abbrev  0x00002489      0x19a build/obj/tm.o
 .debug_abbrev  0x00002623       0xfa build/obj/hal_lld.o
 .debug_abbrev  0x0000271d      0x12a build/obj/pal_lld.o
 .debug_abbrev  0x00002847      0x305 build/obj/serial_lld.o
 .debug_abbrev  0x00002b4c      0x11e build/obj/board.o
 .debug_abbrev  0x00002c6a      0x271 build/obj/chprintf.o
 .debug_abbrev  0x00002edb      0x3e1 build/obj/shell.o
 .debug_abbrev  0x000032bc      0x2df build/obj/main.o
 .debug_abbrev  0x0000359b       0xa8 /usr/lib/gcc/arm-none-eabi/4.8/../../../arm-none-eabi/lib/armv7-m/libc.a(lib_a-strcasecmp.o)
 .debug_abbrev  0x00003643       0x81 /usr/lib/gcc/arm-none-eabi/4.8/../../../arm-none-eabi/lib/armv7-m/libc.a(lib_a-strpbrk.o)
 .debug_abbrev  0x000036c4       0x8e /usr/lib/gcc/arm-none-eabi/4.8/../../../arm-none-eabi/lib/armv7-m/libc.a(lib_a-strspn.o)
 .debug_abbrev  0x00003752       0x4e /usr/lib/gcc/arm-none-eabi/4.8/../../../arm-none-eabi/lib/armv7-m/libc.a(lib_a-ctype_.o)

.debug_loc      0x00000000     0x3e9e
 .debug_loc     0x00000000       0xbc build/obj/crt0.o
 .debug_loc     0x000000bc       0x5a build/obj/chcore_v7m.o
 .debug_loc     0x00000116      0x169 build/obj/nvic.o
 .debug_loc     0x0000027f       0x31 build/obj/chsys.o
 .debug_loc     0x000002b0       0x67 build/obj/chvt.o
 .debug_loc     0x00000317      0x2c6 build/obj/chschd.o
 .debug_loc     0x000005dd      0x40d build/obj/chthreads.o
 .debug_loc     0x000009ea      0x1b8 build/obj/chdynamic.o
 .debug_loc     0x00000ba2       0x3f build/obj/chregistry.o
 .debug_loc     0x00000be1      0x428 build/obj/chmtx.o
 .debug_loc     0x00001009      0x57b build/obj/chevents.o
 .debug_loc     0x00001584      0x6b0 build/obj/chqueues.o
 .debug_loc     0x00001c34       0xcc build/obj/chmemcore.o
 .debug_loc     0x00001d00      0x3ae build/obj/chheap.o
 .debug_loc     0x000020ae      0x185 build/obj/chmempools.o
 .debug_loc     0x00002233       0x9d build/obj/hal.o
 .debug_loc     0x000022d0      0x4e4 build/obj/serial.o
 .debug_loc     0x000027b4       0x4d build/obj/tm.o
 .debug_loc     0x00002801      0x13a build/obj/pal_lld.o
 .debug_loc     0x0000293b      0x1ee build/obj/serial_lld.o
 .debug_loc     0x00002b29      0x77a build/obj/chprintf.o
 .debug_loc     0x000032a3      0x784 build/obj/shell.o
 .debug_loc     0x00003a27      0x13d build/obj/main.o
 .debug_loc     0x00003b64      0x191 /usr/lib/gcc/arm-none-eabi/4.8/../../../arm-none-eabi/lib/armv7-m/libc.a(lib_a-strcasecmp.o)
 .debug_loc     0x00003cf5       0xa4 /usr/lib/gcc/arm-none-eabi/4.8/../../../arm-none-eabi/lib/armv7-m/libc.a(lib_a-strpbrk.o)
 .debug_loc     0x00003d99      0x105 /usr/lib/gcc/arm-none-eabi/4.8/../../../arm-none-eabi/lib/armv7-m/libc.a(lib_a-strspn.o)

.debug_aranges  0x00000000      0x790
 .debug_aranges
                0x00000000       0x38 build/obj/crt0.o
 .debug_aranges
                0x00000038       0x20 build/obj/vectors.o
 .debug_aranges
                0x00000058       0x50 build/obj/chcore_v7m.o
 .debug_aranges
                0x000000a8       0x30 build/obj/nvic.o
 .debug_aranges
                0x000000d8       0x30 build/obj/chsys.o
 .debug_aranges
                0x00000108       0x30 build/obj/chvt.o
 .debug_aranges
                0x00000138       0x68 build/obj/chschd.o
 .debug_aranges
                0x000001a0       0x78 build/obj/chthreads.o
 .debug_aranges
                0x00000218       0x38 build/obj/chdynamic.o
 .debug_aranges
                0x00000250       0x28 build/obj/chregistry.o
 .debug_aranges
                0x00000278       0x58 build/obj/chmtx.o
 .debug_aranges
                0x000002d0       0xa0 build/obj/chevents.o
 .debug_aranges
                0x00000370       0x70 build/obj/chqueues.o
 .debug_aranges
                0x000003e0       0x38 build/obj/chmemcore.o
 .debug_aranges
                0x00000418       0x40 build/obj/chheap.o
 .debug_aranges
                0x00000458       0x48 build/obj/chmempools.o
 .debug_aranges
                0x000004a0       0x30 build/obj/hal.o
 .debug_aranges
                0x000004d0       0x88 build/obj/serial.o
 .debug_aranges
                0x00000558       0x38 build/obj/tm.o
 .debug_aranges
                0x00000590       0x28 build/obj/hal_lld.o
 .debug_aranges
                0x000005b8       0x28 build/obj/pal_lld.o
 .debug_aranges
                0x000005e0       0x40 build/obj/serial_lld.o
 .debug_aranges
                0x00000620       0x28 build/obj/board.o
 .debug_aranges
                0x00000648       0x30 build/obj/chprintf.o
 .debug_aranges
                0x00000678       0x68 build/obj/shell.o
 .debug_aranges
                0x000006e0       0x38 build/obj/main.o
 .debug_aranges
                0x00000718       0x20 /usr/lib/gcc/arm-none-eabi/4.8/../../../arm-none-eabi/lib/armv7-m/libc.a(lib_a-strcasecmp.o)
 .debug_aranges
                0x00000738       0x20 /usr/lib/gcc/arm-none-eabi/4.8/../../../arm-none-eabi/lib/armv7-m/libc.a(lib_a-strpbrk.o)
 .debug_aranges
                0x00000758       0x20 /usr/lib/gcc/arm-none-eabi/4.8/../../../arm-none-eabi/lib/armv7-m/libc.a(lib_a-strspn.o)
 .debug_aranges
                0x00000778       0x18 /usr/lib/gcc/arm-none-eabi/4.8/../../../arm-none-eabi/lib/armv7-m/libc.a(lib_a-ctype_.o)

.debug_ranges   0x00000000      0xc98
 .debug_ranges  0x00000000       0x58 build/obj/crt0.o
 .debug_ranges  0x00000058       0x10 build/obj/vectors.o
 .debug_ranges  0x00000068       0x58 build/obj/chcore_v7m.o
 .debug_ranges  0x000000c0       0x20 build/obj/nvic.o
 .debug_ranges  0x000000e0       0x38 build/obj/chsys.o
 .debug_ranges  0x00000118       0x20 build/obj/chvt.o
 .debug_ranges  0x00000138      0x150 build/obj/chschd.o
 .debug_ranges  0x00000288      0x140 build/obj/chthreads.o
 .debug_ranges  0x000003c8       0x58 build/obj/chdynamic.o
 .debug_ranges  0x00000420       0x30 build/obj/chregistry.o
 .debug_ranges  0x00000450      0x1a0 build/obj/chmtx.o
 .debug_ranges  0x000005f0      0x108 build/obj/chevents.o
 .debug_ranges  0x000006f8       0xb8 build/obj/chqueues.o
 .debug_ranges  0x000007b0       0x28 build/obj/chmemcore.o
 .debug_ranges  0x000007d8       0x30 build/obj/chheap.o
 .debug_ranges  0x00000808       0xc8 build/obj/chmempools.o
 .debug_ranges  0x000008d0       0x38 build/obj/hal.o
 .debug_ranges  0x00000908       0xa8 build/obj/serial.o
 .debug_ranges  0x000009b0       0x78 build/obj/tm.o
 .debug_ranges  0x00000a28       0x30 build/obj/hal_lld.o
 .debug_ranges  0x00000a58       0x18 build/obj/pal_lld.o
 .debug_ranges  0x00000a70       0x80 build/obj/serial_lld.o
 .debug_ranges  0x00000af0       0x18 build/obj/board.o
 .debug_ranges  0x00000b08       0x38 build/obj/chprintf.o
 .debug_ranges  0x00000b40      0x100 build/obj/shell.o
 .debug_ranges  0x00000c40       0x28 build/obj/main.o
 .debug_ranges  0x00000c68       0x10 /usr/lib/gcc/arm-none-eabi/4.8/../../../arm-none-eabi/lib/armv7-m/libc.a(lib_a-strcasecmp.o)
 .debug_ranges  0x00000c78       0x10 /usr/lib/gcc/arm-none-eabi/4.8/../../../arm-none-eabi/lib/armv7-m/libc.a(lib_a-strpbrk.o)
 .debug_ranges  0x00000c88       0x10 /usr/lib/gcc/arm-none-eabi/4.8/../../../arm-none-eabi/lib/armv7-m/libc.a(lib_a-strspn.o)

.debug_line     0x00000000     0x3a3b
 .debug_line    0x00000000      0x109 build/obj/crt0.o
 .debug_line    0x00000109       0xae build/obj/vectors.o
 .debug_line    0x000001b7      0x1dd build/obj/chcore_v7m.o
 .debug_line    0x00000394       0xe7 build/obj/nvic.o
 .debug_line    0x0000047b      0x1c4 build/obj/chsys.o
 .debug_line    0x0000063f      0x123 build/obj/chvt.o
 .debug_line    0x00000762      0x328 build/obj/chschd.o
 .debug_line    0x00000a8a      0x36e build/obj/chthreads.o
 .debug_line    0x00000df8      0x1e7 build/obj/chdynamic.o
 .debug_line    0x00000fdf      0x196 build/obj/chregistry.o
 .debug_line    0x00001175      0x31c build/obj/chmtx.o
 .debug_line    0x00001491      0x2ff build/obj/chevents.o
 .debug_line    0x00001790      0x357 build/obj/chqueues.o
 .debug_line    0x00001ae7      0x121 build/obj/chmemcore.o
 .debug_line    0x00001c08      0x23b build/obj/chheap.o
 .debug_line    0x00001e43      0x1a0 build/obj/chmempools.o
 .debug_line    0x00001fe3      0x21d build/obj/hal.o
 .debug_line    0x00002200      0x32c build/obj/serial.o
 .debug_line    0x0000252c      0x1b1 build/obj/tm.o
 .debug_line    0x000026dd      0x18d build/obj/hal_lld.o
 .debug_line    0x0000286a      0x183 build/obj/pal_lld.o
 .debug_line    0x000029ed      0x305 build/obj/serial_lld.o
 .debug_line    0x00002cf2      0x153 build/obj/board.o
 .debug_line    0x00002e45      0x247 build/obj/chprintf.o
 .debug_line    0x0000308c      0x392 build/obj/shell.o
 .debug_line    0x0000341e      0x322 build/obj/main.o
 .debug_line    0x00003740       0xd8 /usr/lib/gcc/arm-none-eabi/4.8/../../../arm-none-eabi/lib/armv7-m/libc.a(lib_a-strcasecmp.o)
 .debug_line    0x00003818       0xc9 /usr/lib/gcc/arm-none-eabi/4.8/../../../arm-none-eabi/lib/armv7-m/libc.a(lib_a-strpbrk.o)
 .debug_line    0x000038e1       0xef /usr/lib/gcc/arm-none-eabi/4.8/../../../arm-none-eabi/lib/armv7-m/libc.a(lib_a-strspn.o)
 .debug_line    0x000039d0       0x6b /usr/lib/gcc/arm-none-eabi/4.8/../../../arm-none-eabi/lib/armv7-m/libc.a(lib_a-ctype_.o)

.debug_str      0x00000000     0x1ac4
 .debug_str     0x00000000      0x25d build/obj/crt0.o
                                0x2a2 (size before relaxing)
 .debug_str     0x0000025d      0x145 build/obj/vectors.o
                                0x2c3 (size before relaxing)
 .debug_str     0x000003a2      0x2e5 build/obj/chcore_v7m.o
                                0x47f (size before relaxing)
 .debug_str     0x00000687       0x9e build/obj/nvic.o
                                0x295 (size before relaxing)
 .debug_str     0x00000725      0x209 build/obj/chsys.o
                                0x56d (size before relaxing)
 .debug_str     0x0000092e       0x36 build/obj/chvt.o
                                0x216 (size before relaxing)
 .debug_str     0x00000964       0xd5 build/obj/chschd.o
                                0x48c (size before relaxing)
 .debug_str     0x00000a39       0xd3 build/obj/chthreads.o
                                0x4f7 (size before relaxing)
 .debug_str     0x00000b0c      0x10d build/obj/chdynamic.o
                                0x479 (size before relaxing)
 .debug_str     0x00000c19       0x42 build/obj/chregistry.o
                                0x485 (size before relaxing)
 .debug_str     0x00000c5b       0x91 build/obj/chmtx.o
                                0x411 (size before relaxing)
 .debug_str     0x00000cec      0x1b9 build/obj/chevents.o
                                0x535 (size before relaxing)
 .debug_str     0x00000ea5      0x126 build/obj/chqueues.o
                                0x49c (size before relaxing)
 .debug_str     0x00000fcb       0x70 build/obj/chmemcore.o
                                0x20b (size before relaxing)
 .debug_str     0x0000103b       0x48 build/obj/chheap.o
                                0x400 (size before relaxing)
 .debug_str     0x00001083       0x55 build/obj/chmempools.o
                                0x259 (size before relaxing)
 .debug_str     0x000010d8      0x125 build/obj/hal.o
                                0x2be (size before relaxing)
 .debug_str     0x000011fd      0x16f build/obj/serial.o
                                0x614 (size before relaxing)
 .debug_str     0x0000136c       0x67 build/obj/tm.o
                                0x25c (size before relaxing)
 .debug_str     0x000013d3      0x104 build/obj/hal_lld.o
                                0x30c (size before relaxing)
 .debug_str     0x000014d7       0x88 build/obj/pal_lld.o
                                0x2d2 (size before relaxing)
 .debug_str     0x0000155f       0x75 build/obj/serial_lld.o
                                0x62f (size before relaxing)
 .debug_str     0x000015d4       0x40 build/obj/board.o
                                0x24f (size before relaxing)
 .debug_str     0x00001614      0x10b build/obj/chprintf.o
                                0x2cf (size before relaxing)
 .debug_str     0x0000171f      0x15d build/obj/shell.o
                                0x689 (size before relaxing)
 .debug_str     0x0000187c       0x3f build/obj/main.o
                                0x6f2 (size before relaxing)
 .debug_str     0x000018bb      0x11a /usr/lib/gcc/arm-none-eabi/4.8/../../../arm-none-eabi/lib/armv7-m/libc.a(lib_a-strcasecmp.o)
                                0x1b7 (size before relaxing)
 .debug_str     0x000019d5       0x2f /usr/lib/gcc/arm-none-eabi/4.8/../../../arm-none-eabi/lib/armv7-m/libc.a(lib_a-strpbrk.o)
                                0x199 (size before relaxing)
 .debug_str     0x00001a04       0x2e /usr/lib/gcc/arm-none-eabi/4.8/../../../arm-none-eabi/lib/armv7-m/libc.a(lib_a-strspn.o)
                                0x19e (size before relaxing)
 .debug_str     0x00001a32       0x92 /usr/lib/gcc/arm-none-eabi/4.8/../../../arm-none-eabi/lib/armv7-m/libc.a(lib_a-ctype_.o)
                                0x120 (size before relaxing)

.comment        0x00000000       0x3f
 .comment       0x00000000       0x20 build/obj/crt0.o
                                 0x21 (size before relaxing)
 .comment       0x00000020       0x21 build/obj/vectors.o
 .comment       0x00000020       0x21 build/obj/chcore_v7m.o
 .comment       0x00000020       0x21 build/obj/nvic.o
 .comment       0x00000020       0x21 build/obj/chsys.o
 .comment       0x00000020       0x21 build/obj/chvt.o
 .comment       0x00000020       0x21 build/obj/chschd.o
 .comment       0x00000020       0x21 build/obj/chthreads.o
 .comment       0x00000020       0x21 build/obj/chdynamic.o
 .comment       0x00000020       0x21 build/obj/chregistry.o
 .comment       0x00000020       0x21 build/obj/chmtx.o
 .comment       0x00000020       0x21 build/obj/chevents.o
 .comment       0x00000020       0x21 build/obj/chqueues.o
 .comment       0x00000020       0x21 build/obj/chmemcore.o
 .comment       0x00000020       0x21 build/obj/chheap.o
 .comment       0x00000020       0x21 build/obj/chmempools.o
 .comment       0x00000020       0x21 build/obj/hal.o
 .comment       0x00000020       0x21 build/obj/serial.o
 .comment       0x00000020       0x21 build/obj/tm.o
 .comment       0x00000020       0x21 build/obj/hal_lld.o
 .comment       0x00000020       0x21 build/obj/pal_lld.o
 .comment       0x00000020       0x21 build/obj/serial_lld.o
 .comment       0x00000020       0x21 build/obj/board.o
 .comment       0x00000020       0x21 build/obj/chprintf.o
 .comment       0x00000020       0x21 build/obj/shell.o
 .comment       0x00000020       0x21 build/obj/main.o
 .comment       0x00000020       0x1f /usr/lib/gcc/arm-none-eabi/4.8/../../../arm-none-eabi/lib/armv7-m/libc.a(lib_a-strcasecmp.o)
                                 0x20 (size before relaxing)
 .comment       0x0000003f       0x20 /usr/lib/gcc/arm-none-eabi/4.8/../../../arm-none-eabi/lib/armv7-m/libc.a(lib_a-strpbrk.o)
 .comment       0x0000003f       0x20 /usr/lib/gcc/arm-none-eabi/4.8/../../../arm-none-eabi/lib/armv7-m/libc.a(lib_a-strspn.o)
 .comment       0x0000003f       0x20 /usr/lib/gcc/arm-none-eabi/4.8/../../../arm-none-eabi/lib/armv7-m/libc.a(lib_a-ctype_.o)

.ARM.attributes
                0x00000000       0x31
 .ARM.attributes
                0x00000000       0x33 build/obj/crt0.o
 .ARM.attributes
                0x00000033       0x33 build/obj/vectors.o
 .ARM.attributes
                0x00000066       0x33 build/obj/chcore_v7m.o
 .ARM.attributes
                0x00000099       0x33 build/obj/nvic.o
 .ARM.attributes
                0x000000cc       0x33 build/obj/chsys.o
 .ARM.attributes
                0x000000ff       0x33 build/obj/chvt.o
 .ARM.attributes
                0x00000132       0x33 build/obj/chschd.o
 .ARM.attributes
                0x00000165       0x33 build/obj/chthreads.o
 .ARM.attributes
                0x00000198       0x33 build/obj/chdynamic.o
 .ARM.attributes
                0x000001cb       0x33 build/obj/chregistry.o
 .ARM.attributes
                0x000001fe       0x33 build/obj/chmtx.o
 .ARM.attributes
                0x00000231       0x33 build/obj/chevents.o
 .ARM.attributes
                0x00000264       0x33 build/obj/chqueues.o
 .ARM.attributes
                0x00000297       0x33 build/obj/chmemcore.o
 .ARM.attributes
                0x000002ca       0x33 build/obj/chheap.o
 .ARM.attributes
                0x000002fd       0x33 build/obj/chmempools.o
 .ARM.attributes
                0x00000330       0x33 build/obj/hal.o
 .ARM.attributes
                0x00000363       0x33 build/obj/serial.o
 .ARM.attributes
                0x00000396       0x33 build/obj/tm.o
 .ARM.attributes
                0x000003c9       0x33 build/obj/hal_lld.o
 .ARM.attributes
                0x000003fc       0x33 build/obj/pal_lld.o
 .ARM.attributes
                0x0000042f       0x33 build/obj/serial_lld.o
 .ARM.attributes
                0x00000462       0x33 build/obj/board.o
 .ARM.attributes
                0x00000495       0x33 build/obj/chprintf.o
 .ARM.attributes
                0x000004c8       0x33 build/obj/shell.o
 .ARM.attributes
                0x000004fb       0x33 build/obj/main.o
 .ARM.attributes
                0x0000052e       0x2d /usr/lib/gcc/arm-none-eabi/4.8/../../../arm-none-eabi/lib/armv7-m/libc.a(lib_a-strcasecmp.o)
 .ARM.attributes
                0x0000055b       0x2d /usr/lib/gcc/arm-none-eabi/4.8/../../../arm-none-eabi/lib/armv7-m/libc.a(lib_a-strpbrk.o)
 .ARM.attributes
                0x00000588       0x2d /usr/lib/gcc/arm-none-eabi/4.8/../../../arm-none-eabi/lib/armv7-m/libc.a(lib_a-strspn.o)
 .ARM.attributes
                0x000005b5       0x2d /usr/lib/gcc/arm-none-eabi/4.8/../../../arm-none-eabi/lib/armv7-m/libc.a(lib_a-ctype_.o)

.debug_frame    0x00000000     0x1108
 .debug_frame   0x00000000       0x50 build/obj/crt0.o
 .debug_frame   0x00000050       0x20 build/obj/vectors.o
 .debug_frame   0x00000070       0x98 build/obj/chcore_v7m.o
 .debug_frame   0x00000108       0x54 build/obj/nvic.o
 .debug_frame   0x0000015c       0x5c build/obj/chsys.o
 .debug_frame   0x000001b8       0x4c build/obj/chvt.o
 .debug_frame   0x00000204      0x108 build/obj/chschd.o
 .debug_frame   0x0000030c      0x188 build/obj/chthreads.o
 .debug_frame   0x00000494       0x80 build/obj/chdynamic.o
 .debug_frame   0x00000514       0x3c build/obj/chregistry.o
 .debug_frame   0x00000550       0xe4 build/obj/chmtx.o
 .debug_frame   0x00000634      0x1e0 build/obj/chevents.o
 .debug_frame   0x00000814      0x180 build/obj/chqueues.o
 .debug_frame   0x00000994       0x50 build/obj/chmemcore.o
 .debug_frame   0x000009e4       0x98 build/obj/chheap.o
 .debug_frame   0x00000a7c       0x90 build/obj/chmempools.o
 .debug_frame   0x00000b0c       0x4c build/obj/hal.o
 .debug_frame   0x00000b58      0x13c build/obj/serial.o
 .debug_frame   0x00000c94       0x64 build/obj/tm.o
 .debug_frame   0x00000cf8       0x40 build/obj/hal_lld.o
 .debug_frame   0x00000d38       0x4c build/obj/pal_lld.o
 .debug_frame   0x00000d84       0x8c build/obj/serial_lld.o
 .debug_frame   0x00000e10       0x30 build/obj/board.o
 .debug_frame   0x00000e40       0x8c build/obj/chprintf.o
 .debug_frame   0x00000ecc      0x13c build/obj/shell.o
 .debug_frame   0x00001008       0x80 build/obj/main.o
 .debug_frame   0x00001088       0x28 /usr/lib/gcc/arm-none-eabi/4.8/../../../arm-none-eabi/lib/armv7-m/libc.a(lib_a-strcasecmp.o)
 .debug_frame   0x000010b0       0x2c /usr/lib/gcc/arm-none-eabi/4.8/../../../arm-none-eabi/lib/armv7-m/libc.a(lib_a-strpbrk.o)
 .debug_frame   0x000010dc       0x2c /usr/lib/gcc/arm-none-eabi/4.8/../../../arm-none-eabi/lib/armv7-m/libc.a(lib_a-strspn.o)

Cross Reference Table

Symbol                                            File
BusFaultVector                                    build/obj/vectors.o
DebugMonitorVector                                build/obj/vectors.o
HardFaultVector                                   build/obj/vectors.o
MemManageVector                                   build/obj/vectors.o
NMIVector                                         build/obj/vectors.o
PendSVVector                                      build/obj/vectors.o
ResetHandler                                      build/obj/crt0.o
                                                  build/obj/vectors.o
SD1                                               build/obj/serial_lld.o
                                                  build/obj/main.o
SVCallVector                                      build/obj/chcore_v7m.o
                                                  build/obj/vectors.o
SysTickVector                                     build/obj/chcore_v7m.o
                                                  build/obj/vectors.o
UsageFaultVector                                  build/obj/vectors.o
Vector1C                                          build/obj/vectors.o
Vector20                                          build/obj/vectors.o
Vector24                                          build/obj/vectors.o
Vector28                                          build/obj/vectors.o
Vector34                                          build/obj/vectors.o
Vector40                                          build/obj/vectors.o
Vector44                                          build/obj/vectors.o
Vector48                                          build/obj/vectors.o
Vector4C                                          build/obj/vectors.o
Vector50                                          build/obj/vectors.o
Vector54                                          build/obj/vectors.o
Vector58                                          build/obj/vectors.o
Vector5C                                          build/obj/vectors.o
Vector60                                          build/obj/vectors.o
Vector64                                          build/obj/vectors.o
Vector68                                          build/obj/vectors.o
Vector6C                                          build/obj/vectors.o
Vector70                                          build/obj/vectors.o
Vector74                                          build/obj/vectors.o
Vector78                                          build/obj/vectors.o
Vector7C                                          build/obj/vectors.o
Vector80                                          build/obj/vectors.o
Vector84                                          build/obj/vectors.o
Vector88                                          build/obj/vectors.o
Vector8C                                          build/obj/vectors.o
Vector90                                          build/obj/vectors.o
Vector94                                          build/obj/vectors.o
Vector98                                          build/obj/vectors.o
Vector9C                                          build/obj/vectors.o
VectorA0                                          build/obj/vectors.o
VectorA4                                          build/obj/vectors.o
VectorA8                                          build/obj/vectors.o
VectorAC                                          build/obj/vectors.o
VectorB0                                          build/obj/vectors.o
VectorB4                                          build/obj/vectors.o
VectorB8                                          build/obj/vectors.o
VectorBC                                          build/obj/vectors.o
VectorC0                                          build/obj/vectors.o
VectorC4                                          build/obj/vectors.o
VectorC8                                          build/obj/vectors.o
VectorCC                                          build/obj/vectors.o
VectorD0                                          build/obj/vectors.o
VectorD4                                          build/obj/serial_lld.o
                                                  build/obj/vectors.o
VectorD8                                          build/obj/vectors.o
VectorDC                                          build/obj/vectors.o
VectorE0                                          build/obj/vectors.o
VectorE4                                          build/obj/vectors.o
VectorE8                                          build/obj/vectors.o
__ctype_ptr__                                     /usr/lib/gcc/arm-none-eabi/4.8/../../../arm-none-eabi/lib/armv7-m/libc.a(lib_a-ctype_.o)
                                                  /usr/lib/gcc/arm-none-eabi/4.8/../../../arm-none-eabi/lib/armv7-m/libc.a(lib_a-strcasecmp.o)
__early_init                                      build/obj/board.o
                                                  build/obj/crt0.o
__fini_array_end                                  build/obj/crt0.o
__fini_array_start                                build/obj/crt0.o
__heap_base__                                     build/obj/chmemcore.o
__heap_end__                                      build/obj/chmemcore.o
__init_array_end                                  build/obj/crt0.o
__init_array_start                                build/obj/crt0.o
__late_init                                       build/obj/crt0.o
__main_stack_base__                               build/obj/crt0.o
__main_stack_end__                                build/obj/vectors.o
                                                  build/obj/crt0.o
__process_stack_base__                            build/obj/crt0.o
__process_stack_end__                             build/obj/crt0.o
_bss_end                                          build/obj/crt0.o
_bss_start                                        build/obj/crt0.o
_close_r                                          build/obj/syscalls.o
_core_init                                        build/obj/chmemcore.o
                                                  build/obj/chsys.o
_ctype_                                           /usr/lib/gcc/arm-none-eabi/4.8/../../../arm-none-eabi/lib/armv7-m/libc.a(lib_a-ctype_.o)
_data                                             build/obj/crt0.o
_default_exit                                     build/obj/crt0.o
_edata                                            build/obj/crt0.o
_fstat_r                                          build/obj/syscalls.o
_heap_init                                        build/obj/chheap.o
                                                  build/obj/chsys.o
_idle_thread                                      build/obj/chsys.o
_idle_thread_wa                                   build/obj/chsys.o
_isatty_r                                         build/obj/syscalls.o
_lseek_r                                          build/obj/syscalls.o
_pal_lld_init                                     build/obj/pal_lld.o
                                                  build/obj/hal.o
_pal_lld_setgroupmode                             build/obj/pal_lld.o
                                                  build/obj/main.o
                                                  build/obj/pal.o
_port_init                                        build/obj/chcore_v7m.o
                                                  build/obj/chsys.o
_port_irq_epilogue                                build/obj/chcore_v7m.o
                                                  build/obj/serial_lld.o
_port_switch                                      build/obj/chcore_v7m.o
                                                  build/obj/chschd.o
_port_switch_from_isr                             build/obj/chcore_v7m.o
_port_thread_start                                build/obj/chcore_v7m.o
                                                  build/obj/chthreads.o
_read_r                                           build/obj/syscalls.o
_sbrk_r                                           build/obj/syscalls.o
_scheduler_init                                   build/obj/chschd.o
                                                  build/obj/chsys.o
_textdata                                         build/obj/crt0.o
_thread_init                                      build/obj/chthreads.o
                                                  build/obj/chsys.o
_unhandled_exception                              build/obj/vectors.o
_vectors                                          build/obj/vectors.o
_vt_init                                          build/obj/chvt.o
                                                  build/obj/chsys.o
_write_r                                          build/obj/syscalls.o
boardInit                                         build/obj/board.o
                                                  build/obj/hal.o
chCondBroadcast                                   build/obj/chcond.o
chCondBroadcastI                                  build/obj/chcond.o
chCondInit                                        build/obj/chcond.o
chCondSignal                                      build/obj/chcond.o
chCondSignalI                                     build/obj/chcond.o
chCondWait                                        build/obj/chcond.o
chCondWaitS                                       build/obj/chcond.o
chCondWaitTimeout                                 build/obj/chcond.o
chCondWaitTimeoutS                                build/obj/chcond.o
chCoreAlloc                                       build/obj/chmemcore.o
                                                  build/obj/syscalls.o
                                                  build/obj/chheap.o
chCoreAllocI                                      build/obj/chmemcore.o
chCoreStatus                                      build/obj/chmemcore.o
chEvtAddEvents                                    build/obj/chevents.o
chEvtBroadcastFlags                               build/obj/chevents.o
chEvtBroadcastFlagsI                              build/obj/chevents.o
                                                  build/obj/shell.o
                                                  build/obj/evtimer.o
                                                  build/obj/serial_lld.o
                                                  build/obj/serial.o
chEvtDispatch                                     build/obj/chevents.o
chEvtGetAndClearEvents                            build/obj/chevents.o
chEvtGetAndClearFlags                             build/obj/chevents.o
chEvtGetAndClearFlagsI                            build/obj/chevents.o
chEvtRegisterMask                                 build/obj/chevents.o
chEvtSignal                                       build/obj/chevents.o
chEvtSignalI                                      build/obj/chevents.o
chEvtUnregister                                   build/obj/chevents.o
chEvtWaitAll                                      build/obj/chevents.o
chEvtWaitAllTimeout                               build/obj/chevents.o
chEvtWaitAny                                      build/obj/chevents.o
chEvtWaitAnyTimeout                               build/obj/chevents.o
chEvtWaitOne                                      build/obj/chevents.o
chEvtWaitOneTimeout                               build/obj/chevents.o
chHeapAlloc                                       build/obj/chheap.o
                                                  build/obj/chdynamic.o
chHeapFree                                        build/obj/chheap.o
                                                  build/obj/chdynamic.o
chHeapInit                                        build/obj/chheap.o
chHeapStatus                                      build/obj/chheap.o
chIQGetTimeout                                    build/obj/chqueues.o
                                                  build/obj/serial.o
chIQInit                                          build/obj/chqueues.o
                                                  build/obj/serial.o
chIQPutI                                          build/obj/chqueues.o
                                                  build/obj/serial.o
chIQReadTimeout                                   build/obj/chqueues.o
                                                  build/obj/serial.o
chIQResetI                                        build/obj/chqueues.o
                                                  build/obj/serial.o
chMBFetch                                         build/obj/chmboxes.o
chMBFetchI                                        build/obj/chmboxes.o
chMBFetchS                                        build/obj/chmboxes.o
chMBInit                                          build/obj/chmboxes.o
chMBPost                                          build/obj/chmboxes.o
chMBPostAhead                                     build/obj/chmboxes.o
chMBPostAheadI                                    build/obj/chmboxes.o
chMBPostAheadS                                    build/obj/chmboxes.o
chMBPostI                                         build/obj/chmboxes.o
chMBPostS                                         build/obj/chmboxes.o
chMBReset                                         build/obj/chmboxes.o
chMsgRelease                                      build/obj/chmsg.o
chMsgSend                                         build/obj/chmsg.o
chMsgWait                                         build/obj/chmsg.o
chMtxInit                                         build/obj/chmtx.o
                                                  build/obj/chheap.o
chMtxLock                                         build/obj/chmtx.o
                                                  build/obj/chheap.o
chMtxLockS                                        build/obj/chmtx.o
                                                  build/obj/chcond.o
chMtxTryLock                                      build/obj/chmtx.o
chMtxTryLockS                                     build/obj/chmtx.o
chMtxUnlock                                       build/obj/chmtx.o
                                                  build/obj/chheap.o
chMtxUnlockAll                                    build/obj/chmtx.o
chMtxUnlockS                                      build/obj/chmtx.o
                                                  build/obj/chcond.o
chOQGetI                                          build/obj/chqueues.o
                                                  build/obj/serial_lld.o
                                                  build/obj/serial.o
chOQInit                                          build/obj/chqueues.o
                                                  build/obj/serial.o
chOQPutTimeout                                    build/obj/chqueues.o
                                                  build/obj/serial.o
chOQResetI                                        build/obj/chqueues.o
                                                  build/obj/serial.o
chOQWriteTimeout                                  build/obj/chqueues.o
                                                  build/obj/serial.o
chPoolAlloc                                       build/obj/chmempools.o
                                                  build/obj/chdynamic.o
chPoolAllocI                                      build/obj/chmempools.o
chPoolFree                                        build/obj/chmempools.o
                                                  build/obj/chdynamic.o
chPoolFreeI                                       build/obj/chmempools.o
chPoolInit                                        build/obj/chmempools.o
chPoolLoadArray                                   build/obj/chmempools.o
chRegFirstThread                                  build/obj/chregistry.o
chRegNextThread                                   build/obj/chregistry.o
chSchDoReschedule                                 build/obj/chschd.o
                                                  build/obj/chcore_v7m.o
chSchDoRescheduleAhead                            build/obj/chschd.o
chSchDoRescheduleBehind                           build/obj/chschd.o
                                                  build/obj/chthreads.o
chSchGoSleepS                                     build/obj/chschd.o
                                                  build/obj/chmsg.o
                                                  build/obj/chevents.o
                                                  build/obj/chcond.o
                                                  build/obj/chmtx.o
                                                  build/obj/chsem.o
                                                  build/obj/chthreads.o
chSchGoSleepTimeoutS                              build/obj/chschd.o
                                                  build/obj/chqueues.o
                                                  build/obj/chevents.o
                                                  build/obj/chcond.o
                                                  build/obj/chsem.o
                                                  build/obj/chthreads.o
chSchReadyI                                       build/obj/chschd.o
                                                  build/obj/chqueues.o
                                                  build/obj/chmsg.o
                                                  build/obj/chevents.o
                                                  build/obj/chcond.o
                                                  build/obj/chmtx.o
                                                  build/obj/chsem.o
                                                  build/obj/chthreads.o
chSchRescheduleS                                  build/obj/chschd.o
                                                  build/obj/serial.o
                                                  build/obj/chmboxes.o
                                                  build/obj/chevents.o
                                                  build/obj/chcond.o
                                                  build/obj/chmtx.o
                                                  build/obj/chsem.o
                                                  build/obj/chthreads.o
chSchWakeupS                                      build/obj/chschd.o
                                                  build/obj/chmsg.o
                                                  build/obj/chcond.o
                                                  build/obj/chmtx.o
                                                  build/obj/chsem.o
                                                  build/obj/chdynamic.o
                                                  build/obj/chthreads.o
chSemAddCounterI                                  build/obj/chsem.o
chSemInit                                         build/obj/chsem.o
                                                  build/obj/chmboxes.o
chSemReset                                        build/obj/chsem.o
chSemResetI                                       build/obj/chsem.o
                                                  build/obj/chmboxes.o
chSemSignal                                       build/obj/chsem.o
chSemSignalI                                      build/obj/chsem.o
                                                  build/obj/chmboxes.o
chSemSignalWait                                   build/obj/chsem.o
chSemWait                                         build/obj/chsem.o
chSemWaitS                                        build/obj/chsem.o
chSemWaitTimeout                                  build/obj/chsem.o
chSemWaitTimeoutS                                 build/obj/chsem.o
                                                  build/obj/chmboxes.o
chSysInit                                         build/obj/chsys.o
                                                  build/obj/main.o
chSysTimerHandlerI                                build/obj/chsys.o
                                                  build/obj/chcore_v7m.o
chThdAddRef                                       build/obj/chdynamic.o
chThdCreateFromHeap                               build/obj/chdynamic.o
                                                  build/obj/shell.o
chThdCreateFromMemoryPool                         build/obj/chdynamic.o
chThdCreateI                                      build/obj/chthreads.o
                                                  build/obj/chdynamic.o
chThdCreateStatic                                 build/obj/chthreads.o
                                                  build/obj/main.o
                                                  build/obj/shell.o
                                                  build/obj/chsys.o
chThdExit                                         build/obj/chthreads.o
                                                  build/obj/chcore_v7m.o
chThdExitS                                        build/obj/chthreads.o
                                                  build/obj/shell.o
chThdRelease                                      build/obj/chdynamic.o
                                                  build/obj/main.o
                                                  build/obj/chregistry.o
                                                  build/obj/chthreads.o
chThdResume                                       build/obj/chthreads.o
chThdSetPriority                                  build/obj/chthreads.o
chThdSleep                                        build/obj/chthreads.o
                                                  build/obj/main.o
chThdSleepUntil                                   build/obj/chthreads.o
chThdTerminate                                    build/obj/chthreads.o
chThdWait                                         build/obj/chthreads.o
chThdYield                                        build/obj/chthreads.o
chVTResetI                                        build/obj/chvt.o
                                                  build/obj/evtimer.o
                                                  build/obj/chschd.o
chVTSetI                                          build/obj/chvt.o
                                                  build/obj/evtimer.o
                                                  build/obj/chschd.o
ch_debug                                          build/obj/chregistry.o
                                                  build/obj/chsys.o
chsnprintf                                        build/obj/chprintf.o
chvprintf                                         build/obj/chprintf.o
                                                  build/obj/main.o
                                                  build/obj/shell.o
evtStart                                          build/obj/evtimer.o
evtStop                                           build/obj/evtimer.o
halInit                                           build/obj/hal.o
                                                  build/obj/main.o
halIsCounterWithin                                build/obj/hal.o
halPolledDelay                                    build/obj/hal.o
hal_lld_init                                      build/obj/hal_lld.o
                                                  build/obj/hal.o
main                                              build/obj/main.o
                                                  build/obj/crt0.o
memcpy                                            /usr/lib/gcc/arm-none-eabi/4.8/../../../arm-none-eabi/lib/armv7-m/libc.a(lib_a-memcpy.o)
                                                  build/obj/memstreams.o
memset                                            /usr/lib/gcc/arm-none-eabi/4.8/../../../arm-none-eabi/lib/armv7-m/libc.a(lib_a-memset.o)
                                                  build/obj/syscalls.o
msObjectInit                                      build/obj/memstreams.o
                                                  build/obj/chprintf.o
nvicDisableVector                                 build/obj/nvic.o
                                                  build/obj/serial_lld.o
nvicEnableVector                                  build/obj/nvic.o
                                                  build/obj/serial_lld.o
nvicSetSystemHandlerPriority                      build/obj/nvic.o
                                                  build/obj/chcore_v7m.o
palReadBus                                        build/obj/pal.o
palSetBusMode                                     build/obj/pal.o
palWriteBus                                       build/obj/pal.o
pal_default_config                                build/obj/board.o
                                                  build/obj/hal.o
port_halt                                         build/obj/chcore.o
rlist                                             build/obj/chschd.o
                                                  build/obj/main.o
                                                  build/obj/shell.o
                                                  build/obj/chqueues.o
                                                  build/obj/chmsg.o
                                                  build/obj/chevents.o
                                                  build/obj/chcond.o
                                                  build/obj/chmtx.o
                                                  build/obj/chsem.o
                                                  build/obj/chregistry.o
                                                  build/obj/chthreads.o
                                                  build/obj/chsys.o
                                                  build/obj/chcore_v7m.o
sdIncomingDataI                                   build/obj/serial.o
                                                  build/obj/serial_lld.o
sdInit                                            build/obj/serial.o
                                                  build/obj/hal.o
sdObjectInit                                      build/obj/serial.o
                                                  build/obj/serial_lld.o
sdRequestDataI                                    build/obj/serial.o
sdStart                                           build/obj/serial.o
                                                  build/obj/main.o
sdStop                                            build/obj/serial.o
sd_lld_init                                       build/obj/serial_lld.o
                                                  build/obj/serial.o
sd_lld_start                                      build/obj/serial_lld.o
                                                  build/obj/serial.o
sd_lld_stop                                       build/obj/serial_lld.o
                                                  build/obj/serial.o
shellCreate                                       build/obj/shell.o
                                                  build/obj/main.o
shellCreateStatic                                 build/obj/shell.o
shellExit                                         build/obj/shell.o
shellGetLine                                      build/obj/shell.o
shellInit                                         build/obj/shell.o
                                                  build/obj/main.o
shell_terminated                                  build/obj/shell.o
stm32_clock_init                                  build/obj/hal_lld.o
                                                  build/obj/board.o
strcasecmp                                        /usr/lib/gcc/arm-none-eabi/4.8/../../../arm-none-eabi/lib/armv7-m/libc.a(lib_a-strcasecmp.o)
                                                  build/obj/shell.o
strpbrk                                           /usr/lib/gcc/arm-none-eabi/4.8/../../../arm-none-eabi/lib/armv7-m/libc.a(lib_a-strpbrk.o)
                                                  build/obj/shell.o
strspn                                            /usr/lib/gcc/arm-none-eabi/4.8/../../../arm-none-eabi/lib/armv7-m/libc.a(lib_a-strspn.o)
                                                  build/obj/shell.o
tmInit                                            build/obj/tm.o
                                                  build/obj/hal.o
tmObjectInit                                      build/obj/tm.o
vtlist                                            build/obj/chvt.o
                                                  build/obj/shell.o
                                                  build/obj/chthreads.o
                                                  build/obj/chsys.o
